PS C:\Users\user> mkdir git_challenge


    ディレクトリ: C:\Users\user


Mode                 LastWriteTime         Length Name                                                                             
----                 -------------         ------ ----                                                                             
d-----        2026/06/28     15:43                git_challenge                                                                    


PS C:\Users\user> cd git_challenge
PS C:\Users\user\git_challenge> git init
Initialized empty Git repository in C:/Users/user/git_challenge/.git/
PS C:\Users\user\git_challenge> ni hello_world.txt


    ディレクトリ: C:\Users\user\git_challenge


Mode                 LastWriteTime         Length Name                                                                             
----                 -------------         ------ ----                                                                             
-a----        2026/06/28     15:45              0 hello_world.txt                                                                  


PS C:\Users\user\git_challenge> Set-Content hello_world.txt "Hello, world!" -Encoding utf8
PS C:\Users\user\git_challenge> Get-Content hello_world.txt
Hello, world!
PS C:\Users\user\git_challenge> git add hello_world.txt
PS C:\Users\user\git_challenge> git commit -m "1回目のコミット"
[main (root-commit) cb2bca5] 1回目のコミット
 1 file changed, 1 insertion(+)
 create mode 100644 hello_world.txt
PS C:\Users\user\git_challenge> Add-Content hello_world.txt "こんにちは、世界！" -Encoding utf8
PS C:\Users\user\git_challenge> Get-Content hello_world.txt
Hello, world!
こんにちは、世界！
PS C:\Users\user\git_challenge> git add hello_world.txt
PS C:\Users\user\git_challenge> git commit -m "2回目のコミット"
[main 3f5be72] 2回目のコミット
 1 file changed, 1 insertion(+)
PS C:\Users\user\git_challenge> git log --oneline
3f5be72 (HEAD -> main) 2回目のコミット
cb2bca5 1回目のコミット